---
source: crates/moire-source-context/src/tests.rs
expression: "format!(\"# {header}\\n{compact_body}\")"
---
# async fn establish_as_acceptor(&mut self, settings, metadata) -> Result<Handle>
# scope 6..8

   6  |     let handle = session
   7  |         .establish(self.root_settings, self.metadata)
   8  |         .await?;
